// Jest Snapshot v1, https://goo.gl/fbAQLP

exports[`it should pass 1`] = `"console.log(1 + 3 - 4)"`;
