// Jest Snapshot v1, https://goo.gl/fbAQLP

exports[`it should pass 1`] = `
Array [
  Object {
    "type": "Identifier",
    "value": "log",
  },
  Object {
    "type": "OpenParenToken",
  },
  Object {
    "type": "NumericLiteral",
    "value": "1",
  },
  Object {
    "type": "PlusToken",
  },
  Object {
    "type": "NumericLiteral",
    "value": "3",
  },
  Object {
    "type": "MinusToken",
  },
  Object {
    "type": "NumericLiteral",
    "value": "4",
  },
  Object {
    "type": "CloseParenToken",
  },
]
`;
